Round 1
You Win.
Round 2
You chickened out.
Round 3
You Lose.
Round 4
You Lose.

