##*\$
0(A),00(B),01(#),10(T),000(A),001(N),010(C),011(n),100(r),101(t),110(X),0000(c),0001, ... ,1101,1110,00000, ... 
